exports[`Info - Organiser renders correctly 1`] = `
<View
  accessibilityComponentType={undefined}
  accessibilityLabel={undefined}
  accessibilityTraits={undefined}
  accessible={true}
  hasTVPreferredFocus={undefined}
  hitSlop={undefined}
  isTVSelectable={true}
  onLayout={undefined}
  onResponderGrant={[Function]}
  onResponderMove={[Function]}
  onResponderRelease={[Function]}
  onResponderTerminate={[Function]}
  onResponderTerminationRequest={[Function]}
  onStartShouldSetResponder={[Function]}
  style={
    Array [
      Object {
        "backgroundColor": "transparent",
      },
      Object {
        "backgroundColor": "white",
      },
    ]
  }
  testID={undefined}
  tvParallaxProperties={undefined}>
  <View
    style={
      Object {
        "alignItems": "center",
        "borderBottomColor": "#CCC",
        "borderBottomWidth": 0.5,
        "flexDirection": "row",
        "flexGrow": 1,
        "flexShrink": 1,
        "padding": 17,
      }
    }>
    <View
      style={
        Array [
          Object {
            "backgroundColor": "#F4F4F4",
            "borderRadius": 44,
            "height": 44,
            "overflow": "hidden",
            "width": 44,
          },
          undefined,
        ]
      }>
      <Image
        source={
          Object {
            "uri": "avatar",
          }
        }
        style={
          Object {
            "borderRadius": 0,
            "height": 44,
            "width": 44,
          }
        } />
    </View>
    <View
      style={
        Object {
          "flexGrow": 1,
          "flexShrink": 1,
          "paddingLeft": 17,
        }
      }>
      <Text
        accessible={true}
        allowFontScaling={true}
        ellipsizeMode="tail"
        style={
          Object {
            "color": "#383838",
            "fontSize": 17,
          }
        }>
        Tes Ting
      </Text>
      <Text
        accessible={true}
        allowFontScaling={true}
        ellipsizeMode="tail"
        style={
          Object {
            "color": "#666",
            "fontSize": 14,
            "fontWeight": "300",
            "marginBottom": 14,
          }
        }>
        We are testing.
      </Text>
    </View>
  </View>
</View>
`;
